// Jest Snapshot v1, https://goo.gl/fbAQLP

exports[`home renders 1`] = `
<section
  class="home"
>
  <section
    class="front-section"
  >
    <div
      class="about-div"
    >
      <h2
        class="about-heading"
      >
        Asteroids
      </h2>
      <p
        class="about-text"
      >
        Best asteroids in town
      </p>
      <button
        class="shop-button"
      >
        Shop now
      </button>
    </div>
    <div
      class="rotating-image"
    >
      <p
        class="rotating-image-text"
      >
        Asteroid of the week
      </p>
      <img
        alt="asteroid"
        src=""
      />
    </div>
  </section>
  <section
    class="boxes-section"
  >
    <div
      class="box-one"
    >
      Always in stock
    </div>
    <div
      class="box-two"
    >
      Environment friendly
    </div>
    <div
      class="box-three"
    >
      Free shipping
    </div>
    <div
      class="box-four"
    >
      N/A
    </div>
  </section>
  <section
    class="customer-section"
  >
    <div
      class="review-one"
    >
      Amazing
    </div>
    <div
      class="review-two"
    >
      Excellent
    </div>
  </section>
  <div
    class="shop-button-div"
  >
    <button
      class="shop-button-two"
    >
      Get your favorite asteroid now
    </button>
  </div>
</section>
`;
