// Jest Snapshot v1, https://goo.gl/fbAQLP

exports[`shop renders 1`] = `
<div
  class="shop"
>
  <div
    class="item-div"
    data-id="1482816745855"
  >
    <hr />
    <p
      class="asteroid-name"
    >
      Name : 
      1 Ceres
    </p>
    <p
      class="asteroid-price"
    >
      Price: 
      253
    </p>
    <hr />
  </div>
  <div
    class="item-div"
    data-id="68402194543"
  >
    <hr />
    <p
      class="asteroid-name"
    >
      Name : 
      4 Vesta
    </p>
    <p
      class="asteroid-price"
    >
      Price: 
      299
    </p>
    <hr />
  </div>
  <div
    class="item-div"
    data-id="911312589980"
  >
    <hr />
    <p
      class="asteroid-name"
    >
      Name : 
      25143 Itokawa
    </p>
    <p
      class="asteroid-price"
    >
      Price: 
      99
    </p>
    <hr />
  </div>
  <div
    class="item-div"
    data-id="814780917834"
  >
    <hr />
    <p
      class="asteroid-name"
    >
      Name : 
      243 Ida
    </p>
    <p
      class="asteroid-price"
    >
      Price: 
      147
    </p>
    <hr />
  </div>
  <div
    class="item-div"
    data-id="718603216526"
  >
    <hr />
    <p
      class="asteroid-name"
    >
      Name : 
      433 Eros
    </p>
    <p
      class="asteroid-price"
    >
      Price: 
      444
    </p>
    <hr />
  </div>
  <div
    class="item-div"
    data-id="1265177198944"
  >
    <hr />
    <p
      class="asteroid-name"
    >
      Name : 
      253 Mathilde
    </p>
    <p
      class="asteroid-price"
    >
      Price: 
      121
    </p>
    <hr />
  </div>
  <div
    class="item-div"
    data-id="1525632476903"
  >
    <hr />
    <p
      class="asteroid-name"
    >
      Name : 
      101955 Bennu
    </p>
    <p
      class="asteroid-price"
    >
      Price: 
      191
    </p>
    <hr />
  </div>
</div>
`;
